Godot Engine v4.7.1.stable.official.a13da4feb - https://godotengine.org
TextServer: Added interface "Dummy"
TextServer: Added interface "ICU / HarfBuzz / Graphite (Built-in)"
Using "default" pen tablet driver...

TextServer: Primary interface set to: "ICU / HarfBuzz / Graphite (Built-in)".
CORE API HASH: 3769296884
EDITOR API HASH: 3146738256
SceneTreeFTI: traversal method DEFAULT
Loading resource: C:/Users/Cells/AppData/Roaming/Godot/editor_settings-4.7.tres remapped: C:/Users/Cells/AppData/Roaming/Godot/editor_settings-4.7.tres
Completed load for: 'C:/Users/Cells/AppData/Roaming/Godot/editor_settings-4.7.tres' remapped 'C:/Users/Cells/AppData/Roaming/Godot/editor_settings-4.7.tres' at thread -1
EditorSettings: Load OK!
EditorTheme: Generating new theme for the config '3810048042'.
EditorTheme: Generating new icons.
EditorTheme: Generating new fonts.
EditorTheme: Generating new styles.
Loading resource: C:/Users/Cells/AppData/Local/Godot/editor_doc_cache-4.7.res remapped: C:/Users/Cells/AppData/Local/Godot/editor_doc_cache-4.7.res
ERROR: Failed to read the root certificate store.
   at: get_system_ca_certificates (platform/windows/os_windows.cpp:2582)
Loaded builtin CA certificates
Completed load for: 'C:/Users/Cells/AppData/Local/Godot/editor_doc_cache-4.7.res' remapped 'C:/Users/Cells/AppData/Local/Godot/editor_doc_cache-4.7.res' at thread -1
[   0% ] first_scan_filesystem | Started Project initialization (5 steps)
[   0% ] first_scan_filesystem | Scanning file structure...
WARNING: Detected another project.godot at res://tools/fakemon_editor. The folder will be ignored.
   at: _should_skip_directory (editor/file_system/editor_file_system.cpp:3497)
[  16% ] first_scan_filesystem | Loading global class names...
[  33% ] first_scan_filesystem | Verifying GDExtensions...
[  50% ] first_scan_filesystem | Creating autoload scripts...
Loading resource: res://world/world_clock.gd remapped: res://world/world_clock.gd
Completed load for: 'res://world/world_clock.gd' remapped 'res://world/world_clock.gd' at thread -1
[  66% ] first_scan_filesystem | Initializing plugins...
[  83% ] first_scan_filesystem | Starting file scan...
[ DONE ] first_scan_filesystem

[   0% ] update_scripts_classes | Started Registering global classes... (6 steps)
[   0% ] update_scripts_classes | 
[  14% ] update_scripts_classes | 
[  28% ] update_scripts_classes | 
[  42% ] update_scripts_classes | 
[  57% ] update_scripts_classes | OverworldTextureAnimation
[  71% ] update_scripts_classes | TerrainTransitionTextureCache
[ DONE ] update_scripts_classes

[   0% ] loading_editor_layout | Started Loading editor (5 steps)
[   0% ] loading_editor_layout | Loading editor layout...
[  16% ] loading_editor_layout | Loading docks...
[  33% ] loading_editor_layout | Reopening scenes...
Loading resource: res://world/main.tscn remapped: res://world/main.tscn
Loading resource: res://world/main.gd remapped: res://world/main.gd
Loading resource: res://dex/dex_view.tscn remapped: res://dex/dex_view.tscn
Loading resource: res://dex/dex_view.gd remapped: res://dex/dex_view.gd
Completed load for: 'res://dex/dex_view.gd' remapped 'res://dex/dex_view.gd' at thread -1
Completed load for: 'res://dex/dex_view.tscn' remapped 'res://dex/dex_view.tscn' at thread -1
Loading resource: res://assets/overworld/flower_small_blue_generic.png remapped: res://assets/overworld/flower_small_blue_generic.png
Loading resource: res://.godot/imported/flower_small_blue_generic.png-d06e90a9300663cafed7f5ea4d7c30a6.ctex remapped: res://.godot/imported/flower_small_blue_generic.png-d06e90a9300663cafed7f5ea4d7c30a6.ctex
Completed load for: 'res://assets/overworld/flower_small_blue_generic.png' remapped 'res://assets/overworld/flower_small_blue_generic.png' at thread -1
Loading resource: res://assets/overworld/flower_tall_redginger.png remapped: res://assets/overworld/flower_tall_redginger.png
Loading resource: res://.godot/imported/flower_tall_redginger.png-7d2fe0a1dc761127057a973fbb0ae4c6.ctex remapped: res://.godot/imported/flower_tall_redginger.png-7d2fe0a1dc761127057a973fbb0ae4c6.ctex
Completed load for: 'res://assets/overworld/flower_tall_redginger.png' remapped 'res://assets/overworld/flower_tall_redginger.png' at thread -1
Loading resource: res://assets/overworld/flower_indoor_orchidpot.png remapped: res://assets/overworld/flower_indoor_orchidpot.png
Loading resource: res://.godot/imported/flower_indoor_orchidpot.png-7d64614de935322165907ebf8118235c.ctex remapped: res://.godot/imported/flower_indoor_orchidpot.png-7d64614de935322165907ebf8118235c.ctex
Completed load for: 'res://assets/overworld/flower_indoor_orchidpot.png' remapped 'res://assets/overworld/flower_indoor_orchidpot.png' at thread -1
Loading resource: res://assets/overworld/flower_tall_magnificent_torchginger.png remapped: res://assets/overworld/flower_tall_magnificent_torchginger.png
Loading resource: res://.godot/imported/flower_tall_magnificent_torchginger.png-e0cec88132cbbd865e7a83155cfae093.ctex remapped: res://.godot/imported/flower_tall_magnificent_torchginger.png-e0cec88132cbbd865e7a83155cfae093.ctex
Completed load for: 'res://assets/overworld/flower_tall_magnificent_torchginger.png' remapped 'res://assets/overworld/flower_tall_magnificent_torchginger.png' at thread -1
Loading resource: res://assets/overworld/grass_main.png remapped: res://assets/overworld/grass_main.png
Loading resource: res://.godot/imported/grass_main.png-6f7a0349fb1b22a62f0062f6e0823877.ctex remapped: res://.godot/imported/grass_main.png-6f7a0349fb1b22a62f0062f6e0823877.ctex
Completed load for: 'res://assets/overworld/grass_main.png' remapped 'res://assets/overworld/grass_main.png' at thread -1
Loading resource: res://assets/overworld/house.png remapped: res://assets/overworld/house.png
Loading resource: res://.godot/imported/house.png-dbc2cd1b989db8331cc705d2e3601636.ctex remapped: res://.godot/imported/house.png-dbc2cd1b989db8331cc705d2e3601636.ctex
Completed load for: 'res://assets/overworld/house.png' remapped 'res://assets/overworld/house.png' at thread -1
Loading resource: res://assets/overworld/citybuilding_00.png remapped: res://assets/overworld/citybuilding_00.png
Loading resource: res://.godot/imported/citybuilding_00.png-79fa171994c72a41053f76da0c08e4f1.ctex remapped: res://.godot/imported/citybuilding_00.png-79fa171994c72a41053f76da0c08e4f1.ctex
Completed load for: 'res://assets/overworld/citybuilding_00.png' remapped 'res://assets/overworld/citybuilding_00.png' at thread -1
Loading resource: res://assets/overworld/citybuilding_01.png remapped: res://assets/overworld/citybuilding_01.png
Loading resource: res://.godot/imported/citybuilding_01.png-d25cff3895df2926f5ce5d1bb8f27a97.ctex remapped: res://.godot/imported/citybuilding_01.png-d25cff3895df2926f5ce5d1bb8f27a97.ctex
Completed load for: 'res://assets/overworld/citybuilding_01.png' remapped 'res://assets/overworld/citybuilding_01.png' at thread -1
Loading resource: res://assets/overworld/citybuilding_02.png remapped: res://assets/overworld/citybuilding_02.png
Loading resource: res://.godot/imported/citybuilding_02.png-a6420048483dd7d81b37a4dbbaaa5bb5.ctex remapped: res://.godot/imported/citybuilding_02.png-a6420048483dd7d81b37a4dbbaaa5bb5.ctex
Completed load for: 'res://assets/overworld/citybuilding_02.png' remapped 'res://assets/overworld/citybuilding_02.png' at thread -1
Loading resource: res://assets/overworld/citybuilding_03.png remapped: res://assets/overworld/citybuilding_03.png
Loading resource: res://.godot/imported/citybuilding_03.png-49d6031f8e3743f0391d18746d198f90.ctex remapped: res://.godot/imported/citybuilding_03.png-49d6031f8e3743f0391d18746d198f90.ctex
Completed load for: 'res://assets/overworld/citybuilding_03.png' remapped 'res://assets/overworld/citybuilding_03.png' at thread -1
Loading resource: res://assets/overworld/citybuilding_04.png remapped: res://assets/overworld/citybuilding_04.png
Loading resource: res://.godot/imported/citybuilding_04.png-6a81ca39f5d3c59dc3a7895c16f94ab8.ctex remapped: res://.godot/imported/citybuilding_04.png-6a81ca39f5d3c59dc3a7895c16f94ab8.ctex
Completed load for: 'res://assets/overworld/citybuilding_04.png' remapped 'res://assets/overworld/citybuilding_04.png' at thread -1
Loading resource: res://assets/overworld/citybuilding_apartment_00.png remapped: res://assets/overworld/citybuilding_apartment_00.png
Loading resource: res://.godot/imported/citybuilding_apartment_00.png-933e06e219ee41d354b518ed4fa4002d.ctex remapped: res://.godot/imported/citybuilding_apartment_00.png-933e06e219ee41d354b518ed4fa4002d.ctex
Completed load for: 'res://assets/overworld/citybuilding_apartment_00.png' remapped 'res://assets/overworld/citybuilding_apartment_00.png' at thread -1
Loading resource: res://assets/overworld/citybuilding_apartment_01.png remapped: res://assets/overworld/citybuilding_apartment_01.png
Loading resource: res://.godot/imported/citybuilding_apartment_01.png-db7fa7e4b4b2a07c8a3a6e616d263570.ctex remapped: res://.godot/imported/citybuilding_apartment_01.png-db7fa7e4b4b2a07c8a3a6e616d263570.ctex
Completed load for: 'res://assets/overworld/citybuilding_apartment_01.png' remapped 'res://assets/overworld/citybuilding_apartment_01.png' at thread -1
Loading resource: res://assets/overworld/citybuilding_apartment_02.png remapped: res://assets/overworld/citybuilding_apartment_02.png
Loading resource: res://.godot/imported/citybuilding_apartment_02.png-5590ec6bf8d53f7742547661dd762288.ctex remapped: res://.godot/imported/citybuilding_apartment_02.png-5590ec6bf8d53f7742547661dd762288.ctex
Completed load for: 'res://assets/overworld/citybuilding_apartment_02.png' remapped 'res://assets/overworld/citybuilding_apartment_02.png' at thread -1
Loading resource: res://assets/overworld/citybuilding_apartment_03.png remapped: res://assets/overworld/citybuilding_apartment_03.png
Loading resource: res://.godot/imported/citybuilding_apartment_03.png-22426b143e873b63255026ba22d6bdbf.ctex remapped: res://.godot/imported/citybuilding_apartment_03.png-22426b143e873b63255026ba22d6bdbf.ctex
Completed load for: 'res://assets/overworld/citybuilding_apartment_03.png' remapped 'res://assets/overworld/citybuilding_apartment_03.png' at thread -1
Loading resource: res://assets/overworld/citybuilding_apartment_04.png remapped: res://assets/overworld/citybuilding_apartment_04.png
Loading resource: res://.godot/imported/citybuilding_apartment_04.png-86cde898e0d7c1258bab262b92bf5884.ctex remapped: res://.godot/imported/citybuilding_apartment_04.png-86cde898e0d7c1258bab262b92bf5884.ctex
Completed load for: 'res://assets/overworld/citybuilding_apartment_04.png' remapped 'res://assets/overworld/citybuilding_apartment_04.png' at thread -1
Loading resource: res://assets/overworld/medical_ward.png remapped: res://assets/overworld/medical_ward.png
Loading resource: res://.godot/imported/medical_ward.png-eda198d777b910d212c4e7b01eb9da84.ctex remapped: res://.godot/imported/medical_ward.png-eda198d777b910d212c4e7b01eb9da84.ctex
Completed load for: 'res://assets/overworld/medical_ward.png' remapped 'res://assets/overworld/medical_ward.png' at thread -1
Loading resource: res://assets/overworld/stone_main.png remapped: res://assets/overworld/stone_main.png
Loading resource: res://.godot/imported/stone_main.png-ddd79312bdb53eb08461f3acdf84a421.ctex remapped: res://.godot/imported/stone_main.png-ddd79312bdb53eb08461f3acdf84a421.ctex
Completed load for: 'res://assets/overworld/stone_main.png' remapped 'res://assets/overworld/stone_main.png' at thread -1
Loading resource: res://assets/overworld/tile_dirt_generic.png remapped: res://assets/overworld/tile_dirt_generic.png
Loading resource: res://.godot/imported/tile_dirt_generic.png-445f5214403721cb507d06fed13bd768.ctex remapped: res://.godot/imported/tile_dirt_generic.png-445f5214403721cb507d06fed13bd768.ctex
Completed load for: 'res://assets/overworld/tile_dirt_generic.png' remapped 'res://assets/overworld/tile_dirt_generic.png' at thread -1
Loading resource: res://assets/overworld/tile_dirt_rich.png remapped: res://assets/overworld/tile_dirt_rich.png
Loading resource: res://.godot/imported/tile_dirt_rich.png-7490772a0b00d89eac38ff83fc1b041a.ctex remapped: res://.godot/imported/tile_dirt_rich.png-7490772a0b00d89eac38ff83fc1b041a.ctex
Completed load for: 'res://assets/overworld/tile_dirt_rich.png' remapped 'res://assets/overworld/tile_dirt_rich.png' at thread -1
Loading resource: res://assets/overworld/tile_sand_generic.png remapped: res://assets/overworld/tile_sand_generic.png
Loading resource: res://.godot/imported/tile_sand_generic.png-60c3c38f8443909ef7829dddf4a7b4ec.ctex remapped: res://.godot/imported/tile_sand_generic.png-60c3c38f8443909ef7829dddf4a7b4ec.ctex
Completed load for: 'res://assets/overworld/tile_sand_generic.png' remapped 'res://assets/overworld/tile_sand_generic.png' at thread -1
Loading resource: res://assets/overworld/tile_tallgrass_generic.png remapped: res://assets/overworld/tile_tallgrass_generic.png
Loading resource: res://.godot/imported/tile_tallgrass_generic.png-99176f7029e76a0a4c12994346a5888b.ctex remapped: res://.godot/imported/tile_tallgrass_generic.png-99176f7029e76a0a4c12994346a5888b.ctex
Completed load for: 'res://assets/overworld/tile_tallgrass_generic.png' remapped 'res://assets/overworld/tile_tallgrass_generic.png' at thread -1
Loading resource: res://assets/overworld/tile_wall_interior.png remapped: res://assets/overworld/tile_wall_interior.png
Loading resource: res://.godot/imported/tile_wall_interior.png-63ff0cf1781b3a76f3220debdc12b8c8.ctex remapped: res://.godot/imported/tile_wall_interior.png-63ff0cf1781b3a76f3220debdc12b8c8.ctex
Completed load for: 'res://assets/overworld/tile_wall_interior.png' remapped 'res://assets/overworld/tile_wall_interior.png' at thread -1
Loading resource: res://assets/overworld/tile_wall_interior_generic.png remapped: res://assets/overworld/tile_wall_interior_generic.png
Loading resource: res://.godot/imported/tile_wall_interior_generic.png-84477c4529867f703d2edd24f2c995ae.ctex remapped: res://.godot/imported/tile_wall_interior_generic.png-84477c4529867f703d2edd24f2c995ae.ctex
Completed load for: 'res://assets/overworld/tile_wall_interior_generic.png' remapped 'res://assets/overworld/tile_wall_interior_generic.png' at thread -1
Loading resource: res://assets/overworld/wall_post_generic.png remapped: res://assets/overworld/wall_post_generic.png
Loading resource: res://.godot/imported/wall_post_generic.png-162791582600332277d616b42b7c1447.ctex remapped: res://.godot/imported/wall_post_generic.png-162791582600332277d616b42b7c1447.ctex
Completed load for: 'res://assets/overworld/wall_post_generic.png' remapped 'res://assets/overworld/wall_post_generic.png' at thread -1
Loading resource: res://assets/overworld/wall_horizontal_generic.png remapped: res://assets/overworld/wall_horizontal_generic.png
Loading resource: res://.godot/imported/wall_horizontal_generic.png-7980685a5c5cefe935b928b9a9267ef1.ctex remapped: res://.godot/imported/wall_horizontal_generic.png-7980685a5c5cefe935b928b9a9267ef1.ctex
Completed load for: 'res://assets/overworld/wall_horizontal_generic.png' remapped 'res://assets/overworld/wall_horizontal_generic.png' at thread -1
Loading resource: res://assets/overworld/wall_vertical_generic.png remapped: res://assets/overworld/wall_vertical_generic.png
Loading resource: res://.godot/imported/wall_vertical_generic.png-4b3557555a1182d5bd369d3573afbea9.ctex remapped: res://.godot/imported/wall_vertical_generic.png-4b3557555a1182d5bd369d3573afbea9.ctex
Completed load for: 'res://assets/overworld/wall_vertical_generic.png' remapped 'res://assets/overworld/wall_vertical_generic.png' at thread -1
Loading resource: res://assets/overworld/tile_interior_floor_tiles.png remapped: res://assets/overworld/tile_interior_floor_tiles.png
Loading resource: res://.godot/imported/tile_interior_floor_tiles.png-4016fc2531d1dcfd50e818f9bad9b8ab.ctex remapped: res://.godot/imported/tile_interior_floor_tiles.png-4016fc2531d1dcfd50e818f9bad9b8ab.ctex
Completed load for: 'res://assets/overworld/tile_interior_floor_tiles.png' remapped 'res://assets/overworld/tile_interior_floor_tiles.png' at thread -1
Loading resource: res://assets/overworld/tile_water_generic.png remapped: res://assets/overworld/tile_water_generic.png
Loading resource: res://.godot/imported/tile_water_generic.png-6bc774ff759eda3c99a901afc54131ab.ctex remapped: res://.godot/imported/tile_water_generic.png-6bc774ff759eda3c99a901afc54131ab.ctex
Completed load for: 'res://assets/overworld/tile_water_generic.png' remapped 'res://assets/overworld/tile_water_generic.png' at thread -1
Loading resource: res://assets/overworld/tile_wood.png remapped: res://assets/overworld/tile_wood.png
Loading resource: res://.godot/imported/tile_wood.png-f0c521e0359960db8b3b06f6c34ae8a6.ctex remapped: res://.godot/imported/tile_wood.png-f0c521e0359960db8b3b06f6c34ae8a6.ctex
Completed load for: 'res://assets/overworld/tile_wood.png' remapped 'res://assets/overworld/tile_wood.png' at thread -1
Loading resource: res://assets/overworld/tile_bridge_horizontal_l.png remapped: res://assets/overworld/tile_bridge_horizontal_l.png
Loading resource: res://.godot/imported/tile_bridge_horizontal_l.png-8fa9b84756c746eee9ad5862b178393d.ctex remapped: res://.godot/imported/tile_bridge_horizontal_l.png-8fa9b84756c746eee9ad5862b178393d.ctex
Completed load for: 'res://assets/overworld/tile_bridge_horizontal_l.png' remapped 'res://assets/overworld/tile_bridge_horizontal_l.png' at thread -1
Loading resource: res://assets/overworld/tile_bridge_horizontal_edge.png remapped: res://assets/overworld/tile_bridge_horizontal_edge.png
Loading resource: res://.godot/imported/tile_bridge_horizontal_edge.png-6e8a8f607f2d25222241b26b5ce8dfaa.ctex remapped: res://.godot/imported/tile_bridge_horizontal_edge.png-6e8a8f607f2d25222241b26b5ce8dfaa.ctex
Completed load for: 'res://assets/overworld/tile_bridge_horizontal_edge.png' remapped 'res://assets/overworld/tile_bridge_horizontal_edge.png' at thread -1
Loading resource: res://assets/overworld/tile_bridge_horizontal_edge_r.png remapped: res://assets/overworld/tile_bridge_horizontal_edge_r.png
Loading resource: res://.godot/imported/tile_bridge_horizontal_edge_r.png-4c63cbe1cc41bdd91bb133dd65833990.ctex remapped: res://.godot/imported/tile_bridge_horizontal_edge_r.png-4c63cbe1cc41bdd91bb133dd65833990.ctex
Completed load for: 'res://assets/overworld/tile_bridge_horizontal_edge_r.png' remapped 'res://assets/overworld/tile_bridge_horizontal_edge_r.png' at thread -1
Loading resource: res://assets/overworld/tile_bridge_vertical_edge_north.png remapped: res://assets/overworld/tile_bridge_vertical_edge_north.png
Loading resource: res://.godot/imported/tile_bridge_vertical_edge_north.png-6ca9d82dc7db0c9a442e83b037f122bd.ctex remapped: res://.godot/imported/tile_bridge_vertical_edge_north.png-6ca9d82dc7db0c9a442e83b037f122bd.ctex
Completed load for: 'res://assets/overworld/tile_bridge_vertical_edge_north.png' remapped 'res://assets/overworld/tile_bridge_vertical_edge_north.png' at thread -1
Loading resource: res://assets/overworld/tile_bridge_vertical_section.png remapped: res://assets/overworld/tile_bridge_vertical_section.png
Loading resource: res://.godot/imported/tile_bridge_vertical_section.png-455e790ffeec7158b6ced499f26dfbb7.ctex remapped: res://.godot/imported/tile_bridge_vertical_section.png-455e790ffeec7158b6ced499f26dfbb7.ctex
Completed load for: 'res://assets/overworld/tile_bridge_vertical_section.png' remapped 'res://assets/overworld/tile_bridge_vertical_section.png' at thread -1
Loading resource: res://assets/overworld/tile_bridge_vertical_edge_south.png remapped: res://assets/overworld/tile_bridge_vertical_edge_south.png
Loading resource: res://.godot/imported/tile_bridge_vertical_edge_south.png-f3daa7ef0e202cdf4ba3e1d832e76bbb.ctex remapped: res://.godot/imported/tile_bridge_vertical_edge_south.png-f3daa7ef0e202cdf4ba3e1d832e76bbb.ctex
Completed load for: 'res://assets/overworld/tile_bridge_vertical_edge_south.png' remapped 'res://assets/overworld/tile_bridge_vertical_edge_south.png' at thread -1
Loading resource: res://assets/overworld/bed_bedroom_main.png remapped: res://assets/overworld/bed_bedroom_main.png
Loading resource: res://.godot/imported/bed_bedroom_main.png-5f8a28fb26136df5b83b08445cd2dfab.ctex remapped: res://.godot/imported/bed_bedroom_main.png-5f8a28fb26136df5b83b08445cd2dfab.ctex
Completed load for: 'res://assets/overworld/bed_bedroom_main.png' remapped 'res://assets/overworld/bed_bedroom_main.png' at thread -1
Loading resource: res://assets/overworld/dresser_bedroom_main.png remapped: res://assets/overworld/dresser_bedroom_main.png
Loading resource: res://.godot/imported/dresser_bedroom_main.png-d9b67e7dcc10e33f5e7d36ed75468587.ctex remapped: res://.godot/imported/dresser_bedroom_main.png-d9b67e7dcc10e33f5e7d36ed75468587.ctex
Completed load for: 'res://assets/overworld/dresser_bedroom_main.png' remapped 'res://assets/overworld/dresser_bedroom_main.png' at thread -1
Loading resource: res://assets/overworld/hutch_familyroom_main.png remapped: res://assets/overworld/hutch_familyroom_main.png
Loading resource: res://.godot/imported/hutch_familyroom_main.png-02d6568dad7ff501bb3fccd143470ca7.ctex remapped: res://.godot/imported/hutch_familyroom_main.png-02d6568dad7ff501bb3fccd143470ca7.ctex
Completed load for: 'res://assets/overworld/hutch_familyroom_main.png' remapped 'res://assets/overworld/hutch_familyroom_main.png' at thread -1
Loading resource: res://assets/overworld/lampstand_bedroom_main.png remapped: res://assets/overworld/lampstand_bedroom_main.png
Loading resource: res://.godot/imported/lampstand_bedroom_main.png-552cd2857eaa76b091335b931202bdd5.ctex remapped: res://.godot/imported/lampstand_bedroom_main.png-552cd2857eaa76b091335b931202bdd5.ctex
Completed load for: 'res://assets/overworld/lampstand_bedroom_main.png' remapped 'res://assets/overworld/lampstand_bedroom_main.png' at thread -1
Loading resource: res://assets/overworld/table_familyroom_main.png remapped: res://assets/overworld/table_familyroom_main.png
Loading resource: res://.godot/imported/table_familyroom_main.png-3267c00e1d4f432fc903c6c94480db95.ctex remapped: res://.godot/imported/table_familyroom_main.png-3267c00e1d4f432fc903c6c94480db95.ctex
Completed load for: 'res://assets/overworld/table_familyroom_main.png' remapped 'res://assets/overworld/table_familyroom_main.png' at thread -1
Loading resource: res://assets/overworld/houseplant_indoor_1.png remapped: res://assets/overworld/houseplant_indoor_1.png
Loading resource: res://.godot/imported/houseplant_indoor_1.png-28668cfea0f69ef68e0ecf24127077d3.ctex remapped: res://.godot/imported/houseplant_indoor_1.png-28668cfea0f69ef68e0ecf24127077d3.ctex
Completed load for: 'res://assets/overworld/houseplant_indoor_1.png' remapped 'res://assets/overworld/houseplant_indoor_1.png' at thread -1
Loading resource: res://assets/overworld/houseplant_indoor_2.png remapped: res://assets/overworld/houseplant_indoor_2.png
Loading resource: res://.godot/imported/houseplant_indoor_2.png-b2dc6eeeb573c9d491e2dcc5c05cec92.ctex remapped: res://.godot/imported/houseplant_indoor_2.png-b2dc6eeeb573c9d491e2dcc5c05cec92.ctex
Completed load for: 'res://assets/overworld/houseplant_indoor_2.png' remapped 'res://assets/overworld/houseplant_indoor_2.png' at thread -1
Loading resource: res://assets/overworld/medical_ward_counter_entry.png remapped: res://assets/overworld/medical_ward_counter_entry.png
Loading resource: res://.godot/imported/medical_ward_counter_entry.png-ab468da3020c109b892ea84dc83c5d46.ctex remapped: res://.godot/imported/medical_ward_counter_entry.png-ab468da3020c109b892ea84dc83c5d46.ctex
Completed load for: 'res://assets/overworld/medical_ward_counter_entry.png' remapped 'res://assets/overworld/medical_ward_counter_entry.png' at thread -1
Loading resource: res://assets/overworld/medical_ward_shelf.png remapped: res://assets/overworld/medical_ward_shelf.png
Loading resource: res://.godot/imported/medical_ward_shelf.png-afbde06c2c912b5d1611c7badecf3494.ctex remapped: res://.godot/imported/medical_ward_shelf.png-afbde06c2c912b5d1611c7badecf3494.ctex
Completed load for: 'res://assets/overworld/medical_ward_shelf.png' remapped 'res://assets/overworld/medical_ward_shelf.png' at thread -1
Loading resource: res://assets/overworld/medical_ward_table.png remapped: res://assets/overworld/medical_ward_table.png
Loading resource: res://.godot/imported/medical_ward_table.png-08fe169ecba10e59e42bbddd8769f8d9.ctex remapped: res://.godot/imported/medical_ward_table.png-08fe169ecba10e59e42bbddd8769f8d9.ctex
Completed load for: 'res://assets/overworld/medical_ward_table.png' remapped 'res://assets/overworld/medical_ward_table.png' at thread -1
Loading resource: res://assets/overworld/indoor_changing_curtain.png remapped: res://assets/overworld/indoor_changing_curtain.png
Loading resource: res://.godot/imported/indoor_changing_curtain.png-362b0a576d14b19aacba892cc7fa8e66.ctex remapped: res://.godot/imported/indoor_changing_curtain.png-362b0a576d14b19aacba892cc7fa8e66.ctex
Completed load for: 'res://assets/overworld/indoor_changing_curtain.png' remapped 'res://assets/overworld/indoor_changing_curtain.png' at thread -1
Loading resource: res://assets/overworld/indoor_wash_station.png remapped: res://assets/overworld/indoor_wash_station.png
Loading resource: res://.godot/imported/indoor_wash_station.png-d00ec2d1541a63e8f9e6639860146475.ctex remapped: res://.godot/imported/indoor_wash_station.png-d00ec2d1541a63e8f9e6639860146475.ctex
Completed load for: 'res://assets/overworld/indoor_wash_station.png' remapped 'res://assets/overworld/indoor_wash_station.png' at thread -1
Loading resource: res://assets/overworld/tree_main.png remapped: res://assets/overworld/tree_main.png
Loading resource: res://.godot/imported/tree_main.png-5f4be33bf4878ffc718a2ff06e526b40.ctex remapped: res://.godot/imported/tree_main.png-5f4be33bf4878ffc718a2ff06e526b40.ctex
Completed load for: 'res://assets/overworld/tree_main.png' remapped 'res://assets/overworld/tree_main.png' at thread -1
Loading resource: res://assets/overworld/tree_palm.png remapped: res://assets/overworld/tree_palm.png
Loading resource: res://.godot/imported/tree_palm.png-15ac1d216405f0aa26b8c4a6ce66098f.ctex remapped: res://.godot/imported/tree_palm.png-15ac1d216405f0aa26b8c4a6ce66098f.ctex
Completed load for: 'res://assets/overworld/tree_palm.png' remapped 'res://assets/overworld/tree_palm.png' at thread -1
Loading resource: res://assets/overworld/vines.png remapped: res://assets/overworld/vines.png
Loading resource: res://.godot/imported/vines.png-13541c6cd4dbae377eadf940db6b3e60.ctex remapped: res://.godot/imported/vines.png-13541c6cd4dbae377eadf940db6b3e60.ctex
Completed load for: 'res://assets/overworld/vines.png' remapped 'res://assets/overworld/vines.png' at thread -1
Loading resource: res://assets/overworld/vines_horizontal_flower_passion.png remapped: res://assets/overworld/vines_horizontal_flower_passion.png
Loading resource: res://.godot/imported/vines_horizontal_flower_passion.png-8fa68a7da5a25acc8b897a249d8e5276.ctex remapped: res://.godot/imported/vines_horizontal_flower_passion.png-8fa68a7da5a25acc8b897a249d8e5276.ctex
Completed load for: 'res://assets/overworld/vines_horizontal_flower_passion.png' remapped 'res://assets/overworld/vines_horizontal_flower_passion.png' at thread -1
Loading resource: res://assets/overworld/warp_building_generic.png remapped: res://assets/overworld/warp_building_generic.png
Loading resource: res://.godot/imported/warp_building_generic.png-bdb09469829e757dfaae5aadeed2f78f.ctex remapped: res://.godot/imported/warp_building_generic.png-bdb09469829e757dfaae5aadeed2f78f.ctex
Completed load for: 'res://assets/overworld/warp_building_generic.png' remapped 'res://assets/overworld/warp_building_generic.png' at thread -1
Loading resource: res://assets/overworld/warp_outdoor_facing_east.png remapped: res://assets/overworld/warp_outdoor_facing_east.png
Loading resource: res://.godot/imported/warp_outdoor_facing_east.png-c794b7627ad1dd59c70bdb4cde3a3028.ctex remapped: res://.godot/imported/warp_outdoor_facing_east.png-c794b7627ad1dd59c70bdb4cde3a3028.ctex
Completed load for: 'res://assets/overworld/warp_outdoor_facing_east.png' remapped 'res://assets/overworld/warp_outdoor_facing_east.png' at thread -1
Loading resource: res://assets/overworld/warp_outdoor_generic.png remapped: res://assets/overworld/warp_outdoor_generic.png
Loading resource: res://.godot/imported/warp_outdoor_generic.png-6d75a2d22d557cfeb289f19877f92c8e.ctex remapped: res://.godot/imported/warp_outdoor_generic.png-6d75a2d22d557cfeb289f19877f92c8e.ctex
Completed load for: 'res://assets/overworld/warp_outdoor_generic.png' remapped 'res://assets/overworld/warp_outdoor_generic.png' at thread -1
Loading resource: res://assets/overworld/warp_outdoor_facing_north.png remapped: res://assets/overworld/warp_outdoor_facing_north.png
Loading resource: res://.godot/imported/warp_outdoor_facing_north.png-43b81ce1ec8d543497d40ebda6fd3526.ctex remapped: res://.godot/imported/warp_outdoor_facing_north.png-43b81ce1ec8d543497d40ebda6fd3526.ctex
Completed load for: 'res://assets/overworld/warp_outdoor_facing_north.png' remapped 'res://assets/overworld/warp_outdoor_facing_north.png' at thread -1
Loading resource: res://assets/overworld/warp_outdoor_facing_west.png remapped: res://assets/overworld/warp_outdoor_facing_west.png
Loading resource: res://.godot/imported/warp_outdoor_facing_west.png-5cff2a2a657f277c9766e7a0c9bb3f5e.ctex remapped: res://.godot/imported/warp_outdoor_facing_west.png-5cff2a2a657f277c9766e7a0c9bb3f5e.ctex
Completed load for: 'res://assets/overworld/warp_outdoor_facing_west.png' remapped 'res://assets/overworld/warp_outdoor_facing_west.png' at thread -1
Loading resource: res://world/platform_rail_occlusion.gdshader remapped: res://world/platform_rail_occlusion.gdshader
Completed load for: 'res://world/platform_rail_occlusion.gdshader' remapped 'res://world/platform_rail_occlusion.gdshader' at thread -1
Completed load for: 'res://world/main.gd' remapped 'res://world/main.gd' at thread -1
Loading resource: res://battle/battle.tscn remapped: res://battle/battle.tscn
Loading resource: res://battle/battle.gd remapped: res://battle/battle.gd
Loading resource: res://assets/battle/battle_background.png remapped: res://assets/battle/battle_background.png
Loading resource: res://.godot/imported/battle_background.png-d65874e0ddc7132e0d16bd6d7bbcdd04.ctex remapped: res://.godot/imported/battle_background.png-d65874e0ddc7132e0d16bd6d7bbcdd04.ctex
Completed load for: 'res://assets/battle/battle_background.png' remapped 'res://assets/battle/battle_background.png' at thread -1
Loading resource: res://battle/vfx/battle_animator.tscn remapped: res://battle/vfx/battle_animator.tscn
Loading resource: res://battle/vfx/battle_animator.gd remapped: res://battle/vfx/battle_animator.gd
Completed load for: 'res://battle/vfx/battle_animator.gd' remapped 'res://battle/vfx/battle_animator.gd' at thread -1
Loading resource: res://battle/vfx/move_vfx.tscn remapped: res://battle/vfx/move_vfx.tscn
Completed load for: 'res://battle/vfx/move_vfx.tscn' remapped 'res://battle/vfx/move_vfx.tscn' at thread -1
Completed load for: 'res://battle/vfx/battle_animator.tscn' remapped 'res://battle/vfx/battle_animator.tscn' at thread -1
Completed load for: 'res://battle/battle.gd' remapped 'res://battle/battle.gd' at thread -1
Completed load for: 'res://battle/battle.tscn' remapped 'res://battle/battle.tscn' at thread -1
Completed load for: 'res://world/main.tscn' remapped 'res://world/main.tscn' at thread -1
Loading resource: res://battle/battle.tscn remapped: res://battle/battle.tscn
Completed load for: 'res://battle/battle.tscn' remapped 'res://battle/battle.tscn' at thread -1
Loading resource: res://dex/dex_view.tscn remapped: res://dex/dex_view.tscn
Completed load for: 'res://dex/dex_view.tscn' remapped 'res://dex/dex_view.tscn' at thread -1
Loading resource: res://battle/vfx/battle_animator.tscn remapped: res://battle/vfx/battle_animator.tscn
Completed load for: 'res://battle/vfx/battle_animator.tscn' remapped 'res://battle/vfx/battle_animator.tscn' at thread -1
[  50% ] loading_editor_layout | Loading central editor layout...
[  66% ] loading_editor_layout | Loading plugin window layout...
Loading resource: res://data/battle_data.json remapped: res://data/battle_data.json
Completed load for: 'res://data/battle_data.json' remapped 'res://data/battle_data.json' at thread -1
Loading resource: res://tests/battle_mechanics_test.gd remapped: res://tests/battle_mechanics_test.gd
Completed load for: 'res://tests/battle_mechanics_test.gd' remapped 'res://tests/battle_mechanics_test.gd' at thread -1
Loading resource: res://data/maps/eastern_rainforest_route.json remapped: res://data/maps/eastern_rainforest_route.json
Completed load for: 'res://data/maps/eastern_rainforest_route.json' remapped 'res://data/maps/eastern_rainforest_route.json' at thread -1
Loading resource: res://data/evolved_fakemon.json remapped: res://data/evolved_fakemon.json
Completed load for: 'res://data/evolved_fakemon.json' remapped 'res://data/evolved_fakemon.json' at thread -1
Loading resource: res://data/maps/mossvale_medical_ward.json remapped: res://data/maps/mossvale_medical_ward.json
Completed load for: 'res://data/maps/mossvale_medical_ward.json' remapped 'res://data/maps/mossvale_medical_ward.json' at thread -1
Loading resource: res://tests/move_vfx_test.gd remapped: res://tests/move_vfx_test.gd
Completed load for: 'res://tests/move_vfx_test.gd' remapped 'res://tests/move_vfx_test.gd' at thread -1
Loading resource: res://data/maps/rainforest_medical_ward.json remapped: res://data/maps/rainforest_medical_ward.json
Completed load for: 'res://data/maps/rainforest_medical_ward.json' remapped 'res://data/maps/rainforest_medical_ward.json' at thread -1
Loading resource: res://tests/weather_visuals_test.gd remapped: res://tests/weather_visuals_test.gd
Completed load for: 'res://tests/weather_visuals_test.gd' remapped 'res://tests/weather_visuals_test.gd' at thread -1
Loading resource: res://tests/world_smoke_test.gd remapped: res://tests/world_smoke_test.gd
Completed load for: 'res://tests/world_smoke_test.gd' remapped 'res://tests/world_smoke_test.gd' at thread -1
[  83% ] loading_editor_layout | Editor layout ready.
[ DONE ] loading_editor_layout

Script docs haven't been properly loaded or regenerated, so don't save them to disk.
ERROR: Cannot save file 'C:/Users/Cells/AppData/Roaming/Godot/editor_settings-4.7.tres'.
   at: save (scene/resources/resource_format_text.cpp:1768)
ERROR: Error saving editor settings to C:/Users/Cells/AppData/Roaming/Godot/editor_settings-4.7.tres
   at: save (editor/settings/editor_settings.cpp:1525)
